animal.gram
animale.gram
animals.gram
assets.xml
building.gram
buildingfr.gram
buildingit.gram
cmudict-en-us.dict
cmusphinx-fr-ptm-8khz-5.2/README
cmusphinx-fr-ptm-8khz-5.2/feat.params
cmusphinx-fr-ptm-8khz-5.2/mdef
cmusphinx-fr-ptm-8khz-5.2/means
cmusphinx-fr-ptm-8khz-5.2/mixture_weights
cmusphinx-fr-ptm-8khz-5.2/noisedict
cmusphinx-fr-ptm-8khz-5.2/sendump
cmusphinx-fr-ptm-8khz-5.2/transition_matrices
cmusphinx-fr-ptm-8khz-5.2/variances
cuisine.gram
cuisinefr.gram
cuisineit.gram
elctro.gram
elctrofr.gram
elctroit.gram
electro.gram
en-phone.dmp
en-us-ptm/README
en-us-ptm/feat.params
en-us-ptm/mdef
en-us-ptm/means
en-us-ptm/noisedict
en-us-ptm/sendump
en-us-ptm/transition_matrices
en-us-ptm/variances
flag.gram
flagfr.gram
flagit.gram
fr-phone.lm.dmp
fr.dict
info.gram
infofr.gram
infoit.gram
it.dic
italylanguage/feat.params
italylanguage/feature_transform
italylanguage/mdef
italylanguage/means
italylanguage/mixture_weights
italylanguage/noisedict
italylanguage/transition_matrices
italylanguage/variances
menu.gram
music.gram
musicfr.gram
musicit.gram
mymenu.gram
school.gram
schoolfr.gram
schoolit.gram
weather.dmp